== Base rates por grupo ==
      grupo        n   pre_dg  base_rate
escavadeira 33882291 127376.0   0.003759
   caminhao  3281763 405735.0   0.123633

== Fingerprint por LIFT — Escavadeira ==
  85 alarmes com suporte >= 300
 Id_Alarme                                                                 Alarme  suporte  taxa_pre_dg      lift
1074008237                                                Channel Forced (L-1850)     8094     0.166914 44.399421
  16830311                                          MC - TEMPERATURA DO PTO >90°C     1791     0.107761 28.664666
1074008199                         Hydraulic Reservoir Air Pressure High (L-1850)     2534     0.015391  4.093956
1241586690                     Fan Drive State - Excessive Engine Air Temperature      652     0.015337  4.079788
1074008236          Bucket Critical Overload: Dump Some Load And Reweigh (L-1850)     1864     0.013948  3.710331
1074008005                                      Bucket Critical Overload (L-1850)     1904     0.013655  3.632382
1074008006                                               Bucket Overload (L-1850)    13797     0.012974  3.451068
1074008250                                           Red Alarm(s) Active (L-1850)      931     0.011815  3.142883
  16834563                                  MC - ALTA TEMP. ARREF. DO MOTOR >90°C     3748     0.009872  2.625955
1074008172                    Front Driver Lubrication Flow Switch Fault (L-1850)      338     0.008876  2.360966
1074008015                                     Engine Yellow Lamp Active (L-1850)     1895     0.005277  1.403705
1241579521 Engine \/ Retarder Torque Mode - Accelerator Pedal\/Operator Selection  6321688     0.004517  1.201487
1241579532            Engine \/ Retarder Torque Mode - Not Defined\/Not Available  7701070     0.004472  1.189590
1074008258                           Left Steer Limited By End Of Travel (L-1850)   728765     0.004416  1.174583
1074008260                          Raise Hoist Limited By End Of Travel (L-1850)   132101     0.004413  1.173945

== Fingerprint por LIFT — Caminhões (contraste) ==
 Id_Alarme                                   Alarme  suporte  taxa_pre_dg     lift
  84609434 Right Front Brake Temperature - Inactive     4161     0.992069 8.024292
  84609435   Right Front Brake Temperature - Active     4163     0.990392 8.010722
  84608753            Engine Coolant Level - Active    91813     0.886694 7.171968
  84608752          Engine Coolant Level - Inactive    91770     0.886281 7.168630
  84607073            Engine Coolant Level - Active      526     0.885932 7.165804
  84609797            Engine Coolant Level - Active      535     0.882243 7.135969
  84607071               Aftercooler Level - Active      901     0.869034 7.029132
  84609796          Engine Coolant Level - Inactive      531     0.862524 6.976469
  84609806             Aftercooler Level - Inactive      524     0.832061 6.730076
  84607072          Engine Coolant Level - Inactive      495     0.824242 6.666835

== Top-30 global por FREQUÊNCIA (fingerprint do modelo atual) ==
  Top-30 escavadeira por lift ∩ top-30 global por frequência: 13 alarmes em comum
  → 17 dos alarmes de alto lift da escavadeira estão FORA do fingerprint atual

== Cobertura dos eventos pré-DG da escavadeira ==
  Top-30 global (frequência): 97.5%
  Top-30 escavadeira (lift):  97.7%

== Diagnóstico ==
  Lift máximo na escavadeira: 44.4× (taxa pré-DG 16.7% vs base 0.376%)
  Alarmes com lift >= 5×: 2
  Lift máximo nos caminhões: 8.0×

  ✓ /mnt/c/PROJETOS/VALE/PROGRAMA_DESENVOLVER_2026/Analise_Avancada_de_Dados/outputs/figures/escavadeira_fingerprint_lift.png
  ✓ /mnt/c/PROJETOS/VALE/PROGRAMA_DESENVOLVER_2026/Analise_Avancada_de_Dados/outputs/figures/escavadeira_vs_caminhao_fingerprint.png

✓ Resultados salvos em /mnt/c/PROJETOS/VALE/PROGRAMA_DESENVOLVER_2026/Analise_Avancada_de_Dados/outputs/gold/escavadeira_fingerprint.json

══════════════ SPRINT 11 COMPLETO ══════════════
